// Jest Snapshot v1, https://goo.gl/fbAQLP

exports[`SongMaker component matches snapshot 1`] = `
<DocumentFragment>
  <header
    class="WindowNavbar-games"
  >
    <h1
      class="WindowNavbar-label"
    >
      Song Maker
    </h1>
    <div
      class="WindowNavbar-corner"
    >
      <div
        class="SavedSongsIcon"
      >
        <figure
          class="Icon"
          data-testid=""
        >
          <img
            alt=""
            src="file"
            style="height: 49px; width: 49px;"
          />
          <figcaption
            class="Icon-text"
            style="font-size: 1rem;"
          >
            SAVED SONGS
          </figcaption>
        </figure>
      </div>
    </div>
  </header>
  <section
    class="SongMaker-button-instrument-wrapper"
  >
    <div
      class="PlaySave"
    >
      <button
        class="Button regular"
        style="border-color: #89eb0a;"
      >
        PLAY
      </button>
      <div>
        <button
          class="Button regular"
          style="border-color: #4d4f5e;"
        >
          SAVE
        </button>
      </div>
    </div>
    <div
      class="InstrumentDisplay"
    >
      <div
        class="InstrumentDisplay-options"
      >
        <div
          class="Dropdown"
        >
          <span
            class="Dropdown-label"
            style="z-index: 5;"
          >
            INSTRUMENT 
            <img
              alt=""
              src="file"
            />
          </span>
        </div>
        <span
          class="InstrumentDisplay-remove"
          id="0"
        >
          remove
        </span>
      </div>
      <figure
        class="Icon"
        data-testid=""
        id="1"
      >
        <img
          alt=""
          src="file"
          style="height: 69px; width: 69px; cursor: pointer;"
        />
        <figcaption
          class="Icon-text"
          style="font-size: 1.75rem;"
        >
          ADD INSTRUMENT
        </figcaption>
      </figure>
      <figure
        class="Icon"
        data-testid=""
        id="2"
      >
        <img
          alt=""
          src="file"
          style="height: 69px; width: 69px; cursor: pointer;"
        />
        <figcaption
          class="Icon-text"
          style="font-size: 1.75rem;"
        >
          ADD INSTRUMENT
        </figcaption>
      </figure>
      <figure
        class="Icon"
        data-testid=""
        id="3"
      >
        <img
          alt=""
          src="file"
          style="height: 69px; width: 69px; cursor: pointer;"
        />
        <figcaption
          class="Icon-text"
          style="font-size: 1.75rem;"
        >
          ADD INSTRUMENT
        </figcaption>
      </figure>
    </div>
  </section>
</DocumentFragment>
`;
