// Jest Snapshot v1, https://goo.gl/fbAQLP

exports[`SequenceBlock component matches snapshot 1`] = `
<DocumentFragment>
  <figure
    class="SequenceBlock"
  />
</DocumentFragment>
`;
