// Jest Snapshot v1, https://goo.gl/fbAQLP

exports[`Stencil component matches snapshot 1`] = `
<DocumentFragment>
  <div
    class="Stencil"
  >
    <span
      class="Stencil-text"
    >
      A
    </span>
  </div>
</DocumentFragment>
`;
