// Jest Snapshot v1, https://goo.gl/fbAQLP

exports[`Input component matches snapshot 1`] = `
<DocumentFragment>
  <div
    class="Input"
  >
    <label
      class="Input-label"
    />
    <input
      class="Input-input"
      type="text"
      value=""
    />
    <div
      class="Input-keyboard"
    >
      <figure
        class="Icon"
      >
        <img
          alt=""
          src="file"
          style="height: 40px; width: 40px;"
        />
        <figcaption
          style="font-size: 1rem;"
        >
          OPEN KEYBOARD
        </figcaption>
      </figure>
    </div>
  </div>
</DocumentFragment>
`;
