// Jest Snapshot v1, https://goo.gl/fbAQLP

exports[`Button component matches the snapshot of the button 1`] = `
<DocumentFragment>
  <button
    class="Button regular"
  />
</DocumentFragment>
`;
