// Jest Snapshot v1, https://goo.gl/fbAQLP

exports[`ToggleUpperCase component matches snapshot 1`] = `
<DocumentFragment>
  <div
    class="Toggle"
  >
    <div
      class="Toggle-switch on"
    >
      <div
        class="Toggle-button"
      />
      <span>
        ON
      </span>
      <span>
        OFF
      </span>
    </div>
    <span
      class="Toggle-label"
    >
      UPPER CASE
    </span>
  </div>
</DocumentFragment>
`;
