// Jest Snapshot v1, https://goo.gl/fbAQLP

exports[`TimeLeft component matches snapshot 1`] = `
<DocumentFragment>
  <div
    class="TimeLeft"
  >
    <img
      alt=""
      class="TimeLeft-mute"
      role="button"
      src="https://art-buddy.s3.amazonaws.com/time-keeper/controls/mute.png"
    />
    <h1
      class="TimeLeft-header"
    >
      00:00:00
    </h1>
    <img
      alt=""
      class="TimeLeft-reset"
      role="button"
      src="https://art-buddy.s3.amazonaws.com/time-keeper/controls/reset.png"
    />
  </div>
</DocumentFragment>
`;
