// Jest Snapshot v1, https://goo.gl/fbAQLP

exports[`Result component matches snapshot 1`] = `
<DocumentFragment>
  <div
    class="Result"
  >
    <div
      class="Result-icons"
    >
      <div
        class="Face selected-face"
        data-testid="face2"
        id="2"
      >
        <img
          alt=""
          id="2"
          src="file"
        />
      </div>
      <div
        class="Battery"
        data-testid="battery2"
        id="2"
      >
        <img
          alt=""
          id="2"
          src="file"
        />
        <img
          alt=""
          data-testid="bar"
          id="2"
          src="file"
          style="width: 89%; filter: brightness(0%) saturate(100%) invert(68%) sepia(56%) saturate(915%) hue-rotate(38deg) brightness(109%) contrast(92%);"
        />
      </div>
    </div>
    <p
      class="Result-text"
    >
      Excited
    </p>
    <button
      class="Button regular"
      style="border-color: #fd4d3a;"
    >
      Listen To Song
    </button>
  </div>
</DocumentFragment>
`;
