// Jest Snapshot v1, https://goo.gl/fbAQLP

exports[`New Student Form matches the snapshot 1`] = `
<DocumentFragment>
  <div
    class="NewStudentForm"
  >
    <div
      class="NewStudentForm-student-name"
    >
      <label
        class="NewStudentForm-label"
        for="newStudent"
      >
        ADD A STUDENT: 
      </label>
      <input
        class="NewStudentForm-input"
        id="newStudent"
        name="newStudent"
        type="text"
        value=""
      />
    </div>
    <div
      class="Dropdown"
    >
      <span
        class="Dropdown-label"
      >
        PICK A COLOR 
        <img
          alt=""
          src="file"
        />
      </span>
    </div>
    <button
      class="Button small"
      style="border-color: #4d4f5e;"
    >
      ADD STUDENT
    </button>
  </div>
</DocumentFragment>
`;
