// Jest Snapshot v1, https://goo.gl/fbAQLP

exports[`ColorBlind component matches the snapshot of ColorBlind 1`] = `
<DocumentFragment>
  <div
    class="ColorBlind"
  >
    <div
      class="Toggle"
    >
      <div
        class="Toggle-switch off"
      >
        <div
          class="Toggle-button"
        />
        <span>
          ON
        </span>
        <span>
          OFF
        </span>
      </div>
    </div>
  </div>
</DocumentFragment>
`;
