// Jest Snapshot v1, https://goo.gl/fbAQLP

exports[`Welcome component matches the snapshot of the welcome page 1`] = `
<DocumentFragment>
  <div
    class="Welcome"
  >
    <div
      class="Welcome-description"
    >
      <p>
        ARTBUDDY is a collection of fun and interactive fine arts games designed specifically with special education goals in mind
      </p>
      <p>
        Click below to get started
      </p>
    </div>
    <button
      class="Button regular"
      style="border-color: #89eb0a;"
    >
      LET'S GO!
    </button>
  </div>
</DocumentFragment>
`;
