// Jest Snapshot v1, https://goo.gl/fbAQLP

exports[`Learn component matches snapshot 1`] = `
<DocumentFragment>
  <div
    class="Learn"
  >
    <div
      class="Learn-header"
    >
      <p>
        To begin, choose an instrument family
      </p>
    </div>
    <div
      class="Learn-options"
    >
      <div
        class="Icon"
      >
        <img
          alt=""
          src="file"
          style="height: 200px; width: 200px; cursor: pointer;"
        />
        <p
          style="font-size: 2.5rem;"
        >
          BRASS
        </p>
      </div>
      <div
        class="Icon"
      >
        <img
          alt=""
          src="file"
          style="height: 200px; width: 200px; cursor: pointer;"
        />
        <p
          style="font-size: 2.5rem;"
        >
          ELECTRONIC
        </p>
      </div>
      <div
        class="Icon"
      >
        <img
          alt=""
          src="file"
          style="height: 200px; width: 200px; cursor: pointer;"
        />
        <p
          style="font-size: 2.5rem;"
        >
          PERCUSSION
        </p>
      </div>
      <div
        class="Icon"
      >
        <img
          alt=""
          src="file"
          style="height: 200px; width: 200px; cursor: pointer;"
        />
        <p
          style="font-size: 2.5rem;"
        >
          STRINGS
        </p>
      </div>
      <div
        class="Icon"
      >
        <img
          alt=""
          src="file"
          style="height: 200px; width: 200px; cursor: pointer;"
        />
        <p
          style="font-size: 2.5rem;"
        >
          WOODWIND
        </p>
      </div>
      <div
        class="Icon"
      >
        <img
          alt=""
          src="file"
          style="height: 200px; width: 200px; cursor: pointer;"
        />
        <p
          style="font-size: 2.5rem;"
        >
          VOICE
        </p>
      </div>
    </div>
  </div>
</DocumentFragment>
`;
