// Jest Snapshot v1, https://goo.gl/fbAQLP

exports[`NoteBlock component matches snapshot 1`] = `
<DocumentFragment>
  <div
    class="NoteBlock"
    data-testid="block"
  />
</DocumentFragment>
`;
